time=2026-10-01T16:59:27.760+03:00 level=ERROR msg="Get bad status" status="404 Not Found"
time=2026-10-01T16:59:28.105+03:00 level=ERROR msg="Get bad status" status="404 Not Found"
time=2026-10-01T16:59:28.121+03:00 level=ERROR msg="Get bad status" status="404 Not Found"
time=2026-10-01T16:59:28.142+03:00 level=ERROR msg="Get bad status" status="301 Moved Permanently"
time=2026-10-01T16:59:28.158+03:00 level=ERROR msg="Get bad status" status="301 Moved Permanently"
time=2026-10-01T16:59:28.171+03:00 level=ERROR msg="Get bad status" status="302 Found"
time=2026-10-01T16:59:28.172+03:00 level=ERROR msg="Get bad status" status="307 Temporary Redirect"
time=2026-10-01T16:59:28.188+03:00 level=ERROR msg="Get bad status" status="301 Moved Permanently"
time=2026-10-01T16:59:28.191+03:00 level=ERROR msg="Get bad status" status="301 Moved Permanently"
time=2026-10-01T16:59:28.209+03:00 level=ERROR msg="Get bad status" status="301 Moved Permanently"
time=2026-10-01T16:59:28.239+03:00 level=ERROR msg="Get bad status" status="302 Found"
time=2026-10-01T16:59:28.256+03:00 level=ERROR msg="Get bad status" status="301 Moved Permanently"
time=2026-10-01T16:59:28.256+03:00 level=ERROR msg="Get bad status" status="302 Found"
time=2026-10-01T16:59:28.277+03:00 level=ERROR msg="Get bad status" status="303 See Other"
time=2026-10-01T16:59:28.390+03:00 level=ERROR msg="Get bad status" status="302 Found"
time=2026-10-01T16:59:28.411+03:00 level=ERROR msg="Get bad status" status="301 Moved Permanently"
time=2026-10-01T16:59:28.439+03:00 level=ERROR msg="Get bad status" status="301 Moved Permanently"
time=2026-10-01T16:59:28.455+03:00 level=ERROR msg="Get bad status" status="300 Multiple Choices"
time=2026-10-01T16:59:28.468+03:00 level=ERROR msg="Get bad status" status="303 See Other"
time=2026-10-01T16:59:28.470+03:00 level=ERROR msg="Get bad status" status="304 Not Modified"
time=2026-10-01T16:59:28.490+03:00 level=ERROR msg="Get bad status" status="306 "
time=2026-10-01T16:59:28.491+03:00 level=ERROR msg="Get bad status" status="305 Use Proxy"
time=2026-10-01T16:59:28.517+03:00 level=ERROR msg="Get bad status" status="308 Permanent Redirect"
time=2026-10-01T16:59:29.666+03:00 level=ERROR msg="Get bad status" status="404 Not Found"
time=2026-10-01T16:59:29.797+03:00 level=ERROR msg="Get bad status" status="404 Not Found"
time=2026-10-01T16:59:30.893+03:00 level=ERROR msg="Get bad status" status="201 Created"
time=2026-10-01T16:59:30.977+03:00 level=ERROR msg="Get bad status" status="202 Accepted"
time=2026-10-01T16:59:30.986+03:00 level=ERROR msg="Get bad status" status="203 Non-Authoritative Information"
time=2026-10-01T16:59:30.988+03:00 level=ERROR msg="Get bad status" status="204 No Content"
time=2026-10-01T16:59:30.997+03:00 level=ERROR msg="Get bad status" status="205 Reset Content"
time=2026-10-01T16:59:30.997+03:00 level=ERROR msg="Get bad status" status="206 Partial Content"
time=2026-10-01T16:59:31.023+03:00 level=ERROR msg="Get bad status" status="207 Multi-Status"
time=2026-10-01T16:59:31.038+03:00 level=ERROR msg="Get bad status" status="226 IM Used"
time=2026-10-01T16:59:31.122+03:00 level=ERROR msg="Get bad status" status="400 Bad Request"
time=2026-10-01T16:59:31.133+03:00 level=ERROR msg="Get bad status" status="401 Unauthorized"
time=2026-10-01T16:59:31.144+03:00 level=ERROR msg="Get bad status" status="404 Not Found"
time=2026-10-01T16:59:31.144+03:00 level=ERROR msg="Get bad status" status="403 Forbidden"
time=2026-10-01T16:59:31.168+03:00 level=ERROR msg="Get bad status" status="405 Method Not Allowed"
time=2026-10-01T16:59:31.181+03:00 level=ERROR msg="Get bad status" status="406 Not Acceptable"
time=2026-10-01T16:59:31.190+03:00 level=ERROR msg="Get bad status" status="402 Payment Required"
time=2026-10-01T16:59:31.267+03:00 level=ERROR msg="Get bad status" status="407 Proxy Authentication Required"
time=2026-10-01T16:59:31.280+03:00 level=ERROR msg="Get bad status" status="408 Request Timeout"
time=2026-10-01T16:59:31.292+03:00 level=ERROR msg="Get bad status" status="410 Gone"
time=2026-10-01T16:59:31.292+03:00 level=ERROR msg="Get bad status" status="409 Conflict"
time=2026-10-01T16:59:31.320+03:00 level=ERROR msg="Get bad status" status="411 Length Required"
time=2026-10-01T16:59:31.327+03:00 level=ERROR msg="Get bad status" status="412 Precondition Failed"
time=2026-10-01T16:59:31.338+03:00 level=ERROR msg="Get bad status" status="413 Request Entity Too Large"
time=2026-10-01T16:59:31.436+03:00 level=ERROR msg="Get bad status" status="416 Requested Range Not Satisfiable"
time=2026-10-01T16:59:31.438+03:00 level=ERROR msg="Get bad status" status="417 Expectation Failed"
time=2026-10-01T16:59:31.464+03:00 level=ERROR msg="Get bad status" status="418 I'm a teapot"
time=2026-10-01T16:59:31.471+03:00 level=ERROR msg="Get bad status" status="419 "
time=2026-10-01T16:59:31.483+03:00 level=ERROR msg="Get bad status" status="420 "
time=2026-10-01T16:59:31.584+03:00 level=ERROR msg="Get bad status" status="422 Unprocessable Entity"
time=2026-10-01T16:59:31.584+03:00 level=ERROR msg="Get bad status" status="421 Misdirected Request"
time=2026-10-01T16:59:31.608+03:00 level=ERROR msg="Get bad status" status="423 Locked"
time=2026-10-01T16:59:31.616+03:00 level=ERROR msg="Get bad status" status="424 Failed Dependency"
time=2026-10-01T16:59:31.623+03:00 level=ERROR msg="Get bad status" status="414 Request URI Too Long"
time=2026-10-01T16:59:31.628+03:00 level=ERROR msg="Get bad status" status="426 Upgrade Required"
time=2026-10-01T16:59:31.633+03:00 level=ERROR msg="Get bad status" status="415 Unsupported Media Type"
time=2026-10-01T16:59:31.730+03:00 level=ERROR msg="Get bad status" status="429 Too Many Requests"
time=2026-10-01T16:59:31.731+03:00 level=ERROR msg="Get bad status" status="428 Precondition Required"
time=2026-10-01T16:59:31.754+03:00 level=ERROR msg="Get bad status" status="431 Request Header Fields Too Large"
time=2026-10-01T16:59:31.768+03:00 level=ERROR msg="Get bad status" status="444 "
time=2026-10-01T16:59:31.776+03:00 level=ERROR msg="Get bad status" status="440 "
time=2026-10-01T16:59:31.777+03:00 level=ERROR msg="Get bad status" status="450 "
time=2026-10-01T16:59:31.876+03:00 level=ERROR msg="Get bad status" status="494 "
time=2026-10-01T16:59:31.877+03:00 level=ERROR msg="Get bad status" status="451 Unavailable For Legal Reasons"
time=2026-10-01T16:59:31.903+03:00 level=ERROR msg="Get bad status" status="495 "
time=2026-10-01T16:59:31.923+03:00 level=ERROR msg="Get bad status" status="497 "
time=2026-10-01T16:59:31.923+03:00 level=ERROR msg="Get bad status" status="498 "
time=2026-10-01T16:59:31.926+03:00 level=ERROR msg="Get bad status" status="496 "
time=2026-10-01T16:59:31.928+03:00 level=ERROR msg="Get bad status" status="449 "
time=2026-10-01T16:59:32.023+03:00 level=ERROR msg="Get bad status" status="500 Internal Server Error"
time=2026-10-01T16:59:32.023+03:00 level=ERROR msg="Get bad status" status="499 "
time=2026-10-01T16:59:32.047+03:00 level=ERROR msg="Get bad status" status="501 Not Implemented"
time=2026-10-01T16:59:32.073+03:00 level=ERROR msg="Get bad status" status="504 Gateway Timeout"
time=2026-10-01T16:59:32.073+03:00 level=ERROR msg="Get bad status" status="505 HTTP Version Not Supported"
time=2026-10-01T16:59:32.074+03:00 level=ERROR msg="Get bad status" status="502 Bad Gateway"
time=2026-10-01T16:59:32.074+03:00 level=ERROR msg="Get bad status" status="503 Service Unavailable"
time=2026-10-01T16:59:32.171+03:00 level=ERROR msg="Get bad status" status="507 Insufficient Storage"
time=2026-10-01T16:59:32.175+03:00 level=ERROR msg="Get bad status" status="506 Variant Also Negotiates"
time=2026-10-01T16:59:32.193+03:00 level=ERROR msg="Get bad status" status="508 Loop Detected"
time=2026-10-01T16:59:32.219+03:00 level=ERROR msg="Get bad status" status="520 "
time=2026-10-01T16:59:32.219+03:00 level=ERROR msg="Get bad status" status="511 Network Authentication Required"
time=2026-10-01T16:59:32.220+03:00 level=ERROR msg="Get bad status" status="509 "
time=2026-10-01T16:59:32.221+03:00 level=ERROR msg="Get bad status" status="510 Not Extended"
time=2026-10-01T16:59:32.317+03:00 level=ERROR msg="Get bad status" status="598 "
time=2026-10-01T16:59:32.321+03:00 level=ERROR msg="Get bad status" status="599 "
time=2026-10-01T16:59:32.469+03:00 level=ERROR msg="Get bad status" status="500 Internal Server Error"
time=2026-10-01T16:59:32.820+03:00 level=WARN msg="Get not html content-type" url=https://crawler-test.com/content/header_content_type_malformed
time=2026-10-01T16:59:33.374+03:00 level=ERROR msg="Get bad status" status="404 Not Found"
time=2026-10-01T16:59:34.025+03:00 level=ERROR msg="Get bad status" status="404 Not Found"
time=2026-10-01T16:59:35.254+03:00 level=ERROR msg="Get bad status" status="404 Not Found"
time=2026-10-01T16:59:35.255+03:00 level=ERROR msg="Get bad status" status="404 Not Found"
time=2026-10-01T16:59:35.256+03:00 level=ERROR msg="Get bad status" status="404 Not Found"
time=2026-10-01T16:59:35.459+03:00 level=ERROR msg="Get bad status" status="404 Not Found"
time=2026-10-01T16:59:35.459+03:00 level=ERROR msg="Get bad status" status="301 Moved Permanently"
time=2026-10-01T16:59:35.460+03:00 level=ERROR msg="Get bad status" status="301 Moved Permanently"
time=2026-10-01T16:59:35.460+03:00 level=ERROR msg="Get bad status" status="301 Moved Permanently"
time=2026-10-01T16:59:35.460+03:00 level=ERROR msg="Get bad status" status="404 Not Found"
time=2026-10-01T16:59:35.461+03:00 level=ERROR msg="Get bad status" status="404 Not Found"
time=2026-10-01T16:59:35.461+03:00 level=ERROR msg="Get bad status" status="404 Not Found"
time=2026-10-01T16:59:35.664+03:00 level=ERROR msg="Get bad status" status="404 Not Found"
time=2026-10-01T16:59:35.664+03:00 level=ERROR msg="Get bad status" status="404 Not Found"
time=2026-10-01T16:59:35.665+03:00 level=ERROR msg="Get bad status" status="404 Not Found"
time=2026-10-01T16:59:35.665+03:00 level=ERROR msg="Get bad status" status="404 Not Found"
time=2026-10-01T16:59:35.869+03:00 level=ERROR msg="Get bad status" status="404 Not Found"
time=2026-10-01T16:59:35.869+03:00 level=ERROR msg="Get bad status" status="404 Not Found"
time=2026-10-01T16:59:35.869+03:00 level=ERROR msg="Get bad status" status="404 Not Found"
time=2026-10-01T16:59:35.870+03:00 level=ERROR msg="Get bad status" status="404 Not Found"
time=2026-10-01T16:59:36.074+03:00 level=ERROR msg="Get bad status" status="404 Not Found"
time=2026-10-01T16:59:36.074+03:00 level=ERROR msg="Get bad status" status="404 Not Found"
time=2026-10-01T16:59:36.216+03:00 level=ERROR msg="Get bad status" status="404 Not Found"
time=2026-10-01T16:59:36.381+03:00 level=WARN msg="Get not html content-type" url=https://crawler-test.com/Dashboard/Charts/FCF_Column2D.SWF
time=2026-10-01T16:59:36.893+03:00 level=ERROR msg="Get bad status" status="404 Not Found"
time=2026-10-01T16:59:36.893+03:00 level=ERROR msg="Get bad status" status="400 Bad Request"
time=2026-10-01T16:59:36.893+03:00 level=ERROR msg="Get bad status" status="500 Internal Server Error"
time=2026-10-01T16:59:37.097+03:00 level=ERROR msg="Get bad status" status="404 Not Found"
time=2026-10-01T16:59:37.097+03:00 level=ERROR msg="Get bad status" status="404 Not Found"
time=2026-10-01T16:59:38.702+03:00 level=ERROR msg="Get bad status" status="404 Not Found"
time=2026-10-01T16:59:40.702+03:00 level=ERROR msg="Get next error when doing request" err="Get \"https://crawler-test.com/status_codes/status_100\": context deadline exceeded"
time=2026-10-01T16:59:40.731+03:00 level=ERROR msg="Get next error when doing request" err="Get \"https://crawler-test.com/status_codes/status_101\": context deadline exceeded"
time=2026-10-01T16:59:40.731+03:00 level=ERROR msg="Get next error when doing request" err="Get \"https://crawler-test.com/status_codes/status_102\": context deadline exceeded"
time=2026-10-01T16:59:40.756+03:00 level=ERROR msg="Get bad status" status="404 Not Found"
time=2026-10-01T16:59:41.084+03:00 level=ERROR msg="Get bad status" status="404 Not Found"
time=2026-10-01T16:59:41.151+03:00 level=ERROR msg="Get bad status" status="301 Moved Permanently"
time=2026-10-01T16:59:41.153+03:00 level=ERROR msg="Get bad status" status="404 Not Found"
time=2026-10-01T16:59:41.190+03:00 level=ERROR msg="Get bad status" status="301 Moved Permanently"
time=2026-10-01T16:59:41.199+03:00 level=ERROR msg="Get bad status" status="307 Temporary Redirect"
time=2026-10-01T16:59:41.202+03:00 level=ERROR msg="Get bad status" status="302 Found"
time=2026-10-01T16:59:41.207+03:00 level=ERROR msg="Get bad status" status="301 Moved Permanently"
time=2026-10-01T16:59:41.210+03:00 level=ERROR msg="Get bad status" status="301 Moved Permanently"
time=2026-10-01T16:59:41.231+03:00 level=ERROR msg="Get bad status" status="301 Moved Permanently"
time=2026-10-01T16:59:41.237+03:00 level=ERROR msg="Get bad status" status="302 Found"
time=2026-10-01T16:59:41.258+03:00 level=ERROR msg="Get bad status" status="301 Moved Permanently"
time=2026-10-01T16:59:41.271+03:00 level=ERROR msg="Get bad status" status="302 Found"
time=2026-10-01T16:59:41.284+03:00 level=ERROR msg="Get bad status" status="303 See Other"
time=2026-10-01T16:59:41.371+03:00 level=ERROR msg="Get bad status" status="302 Found"
time=2026-10-01T16:59:41.414+03:00 level=ERROR msg="Get bad status" status="301 Moved Permanently"
time=2026-10-01T16:59:41.442+03:00 level=ERROR msg="Get bad status" status="301 Moved Permanently"
time=2026-10-01T16:59:41.456+03:00 level=ERROR msg="Get bad status" status="303 See Other"
time=2026-10-01T16:59:41.461+03:00 level=ERROR msg="Get bad status" status="304 Not Modified"
time=2026-10-01T16:59:41.470+03:00 level=ERROR msg="Get bad status" status="300 Multiple Choices"
time=2026-10-01T16:59:41.482+03:00 level=ERROR msg="Get bad status" status="305 Use Proxy"
time=2026-10-01T16:59:41.484+03:00 level=ERROR msg="Get bad status" status="308 Permanent Redirect"
time=2026-10-01T16:59:41.488+03:00 level=ERROR msg="Get bad status" status="306 CUSTOM"
time=2026-10-01T16:59:42.592+03:00 level=ERROR msg="Get bad status" status="404 Not Found"
time=2026-10-01T16:59:42.694+03:00 level=ERROR msg="Get bad status" status="404 Not Found"
time=2026-10-01T16:59:43.692+03:00 level=ERROR msg="Get bad status" status="101 Switching Protocols"
time=2026-10-01T16:59:43.739+03:00 level=ERROR msg="Get bad status" status="201 Created"
time=2026-10-01T16:59:43.743+03:00 level=ERROR msg="Get bad status" status="202 Accepted"
time=2026-10-01T16:59:43.754+03:00 level=ERROR msg="Get bad status" status="203 Non-Authoritative Information"
time=2026-10-01T16:59:43.782+03:00 level=ERROR msg="Get bad status" status="204 No Content"
time=2026-10-01T16:59:43.806+03:00 level=ERROR msg="Get bad status" status="205 Reset Content"
time=2026-10-01T16:59:43.819+03:00 level=ERROR msg="Get bad status" status="206 Partial Content"
time=2026-10-01T16:59:43.843+03:00 level=ERROR msg="Get bad status" status="207 Multi-Status"
time=2026-10-01T16:59:43.874+03:00 level=ERROR msg="Get bad status" status="400 Bad Request"
time=2026-10-01T16:59:43.880+03:00 level=ERROR msg="Get bad status" status="226 IM Used"
time=2026-10-01T16:59:43.885+03:00 level=ERROR msg="Get bad status" status="401 Unauthorized"
time=2026-10-01T16:59:43.928+03:00 level=ERROR msg="Get bad status" status="402 Payment Required"
time=2026-10-01T16:59:43.962+03:00 level=ERROR msg="Get bad status" status="404 Not Found"
time=2026-10-01T16:59:43.974+03:00 level=ERROR msg="Get bad status" status="406 Not Acceptable"
time=2026-10-01T16:59:44.002+03:00 level=ERROR msg="Get bad status" status="407 Proxy Authentication Required"
time=2026-10-01T16:59:44.014+03:00 level=ERROR msg="Get bad status" status="409 Conflict"
time=2026-10-01T16:59:44.024+03:00 level=ERROR msg="Get bad status" status="405 Method Not Allowed"
time=2026-10-01T16:59:44.027+03:00 level=ERROR msg="Get bad status" status="408 Request Timeout"
time=2026-10-01T16:59:44.070+03:00 level=ERROR msg="Get bad status" status="410 Gone"
time=2026-10-01T16:59:44.105+03:00 level=ERROR msg="Get bad status" status="412 Precondition Failed"
time=2026-10-01T16:59:44.106+03:00 level=ERROR msg="Get bad status" status="411 Length Required"
time=2026-10-01T16:59:44.128+03:00 level=ERROR msg="Get bad status" status="413 Payload Too Large"
time=2026-10-01T16:59:44.145+03:00 level=ERROR msg="Get bad status" status="414 URI Too Long"
time=2026-10-01T16:59:44.153+03:00 level=ERROR msg="Get bad status" status="415 Unsupported Media Type"
time=2026-10-01T16:59:44.156+03:00 level=ERROR msg="Get bad status" status="403 Forbidden"
time=2026-10-01T16:59:44.188+03:00 level=ERROR msg="Get bad status" status="416 Range Not Satisfiable"
time=2026-10-01T16:59:44.211+03:00 level=ERROR msg="Get bad status" status="417 Expectation Failed"
time=2026-10-01T16:59:44.239+03:00 level=ERROR msg="Get bad status" status="418 CUSTOM"
time=2026-10-01T16:59:44.266+03:00 level=ERROR msg="Get bad status" status="420 CUSTOM"
time=2026-10-01T16:59:44.275+03:00 level=ERROR msg="Get bad status" status="421 CUSTOM"
time=2026-10-01T16:59:44.282+03:00 level=ERROR msg="Get bad status" status="422 Unprocessable Entity"
time=2026-10-01T16:59:44.325+03:00 level=ERROR msg="Get bad status" status="423 Locked"
time=2026-10-01T16:59:44.335+03:00 level=ERROR msg="Get bad status" status="424 Failed Dependency"
time=2026-10-01T16:59:44.352+03:00 level=ERROR msg="Get bad status" status="426 Upgrade Required"
time=2026-10-01T16:59:44.369+03:00 level=ERROR msg="Get bad status" status="428 Precondition Required"
time=2026-10-01T16:59:44.391+03:00 level=ERROR msg="Get bad status" status="429 Too Many Requests"
time=2026-10-01T16:59:44.411+03:00 level=ERROR msg="Get bad status" status="431 Request Header Fields Too Large"
time=2026-10-01T16:59:44.412+03:00 level=ERROR msg="Get bad status" status="440 CUSTOM"
time=2026-10-01T16:59:44.458+03:00 level=ERROR msg="Get bad status" status="419 CUSTOM"
time=2026-10-01T16:59:44.464+03:00 level=ERROR msg="Get bad status" status="444 CUSTOM"
time=2026-10-01T16:59:44.494+03:00 level=ERROR msg="Get bad status" status="449 CUSTOM"
time=2026-10-01T16:59:44.494+03:00 level=ERROR msg="Get bad status" status="450 CUSTOM"
time=2026-10-01T16:59:44.501+03:00 level=ERROR msg="Get bad status" status="451 CUSTOM"
time=2026-10-01T16:59:44.516+03:00 level=ERROR msg="Get bad status" status="494 CUSTOM"
time=2026-10-01T16:59:44.542+03:00 level=ERROR msg="Get bad status" status="496 CUSTOM"
time=2026-10-01T16:59:44.542+03:00 level=ERROR msg="Get bad status" status="495 CUSTOM"
time=2026-10-01T16:59:44.596+03:00 level=ERROR msg="Get bad status" status="498 CUSTOM"
time=2026-10-01T16:59:44.603+03:00 level=ERROR msg="Get bad status" status="497 CUSTOM"
time=2026-10-01T16:59:44.623+03:00 level=ERROR msg="Get bad status" status="500 Internal Server Error"
time=2026-10-01T16:59:44.632+03:00 level=ERROR msg="Get bad status" status="501 Not Implemented"
time=2026-10-01T16:59:44.641+03:00 level=ERROR msg="Get bad status" status="502 Bad Gateway"
time=2026-10-01T16:59:44.642+03:00 level=ERROR msg="Get bad status" status="499 CUSTOM"
time=2026-10-01T16:59:44.672+03:00 level=ERROR msg="Get bad status" status="503 Service Unavailable"
time=2026-10-01T16:59:44.674+03:00 level=ERROR msg="Get bad status" status="504 Gateway Timeout"
time=2026-10-01T16:59:44.725+03:00 level=ERROR msg="Get bad status" status="505 HTTP Version Not Supported"
time=2026-10-01T16:59:44.746+03:00 level=ERROR msg="Get bad status" status="506 Variant Also Negotiates"
time=2026-10-01T16:59:44.752+03:00 level=ERROR msg="Get bad status" status="507 Insufficient Storage"
time=2026-10-01T16:59:44.767+03:00 level=ERROR msg="Get bad status" status="508 Loop Detected"
time=2026-10-01T16:59:44.767+03:00 level=ERROR msg="Get bad status" status="509 CUSTOM"
time=2026-10-01T16:59:44.798+03:00 level=ERROR msg="Get bad status" status="510 Not Extended"
time=2026-10-01T16:59:44.803+03:00 level=ERROR msg="Get bad status" status="520 CUSTOM"
time=2026-10-01T16:59:44.803+03:00 level=ERROR msg="Get bad status" status="511 Network Authentication Required"
time=2026-10-01T16:59:44.855+03:00 level=ERROR msg="Get bad status" status="598 CUSTOM"
time=2026-10-01T16:59:44.891+03:00 level=ERROR msg="Get bad status" status="599 CUSTOM"
time=2026-10-01T16:59:44.985+03:00 level=ERROR msg="Get bad status" status="500 Internal Server Error"
time=2026-10-01T16:59:45.292+03:00 level=WARN msg="Get not html content-type" url=http://crawler-test.com/content/header_content_type_malformed
time=2026-10-01T16:59:45.724+03:00 level=ERROR msg="Get bad status" status="404 Not Found"
time=2026-10-01T16:59:46.102+03:00 level=ERROR msg="Get bad status" status="404 Not Found"
time=2026-10-01T16:59:53.546+03:00 level=ERROR msg="Get next error when doing request" err="Get \"http://crawler-test.com/status_codes/status_100\": context deadline exceeded"
time=2026-10-01T16:59:53.583+03:00 level=ERROR msg="Get next error when doing request" err="Get \"http://crawler-test.com/status_codes/status_102\": context deadline exceeded"
